============================= test session starts =============================
platform win32 -- Python 3.12.7, pytest-9.0.1, pluggy-1.6.0 -- C:\Users\PC-MATHIAS\Desktop\Sistema Encuestas Sapientia\sistema-encuestas-sapientia\backend\venv\Scripts\python.exe
cachedir: .pytest_cache
rootdir: C:\Users\PC-MATHIAS\Desktop\Sistema Encuestas Sapientia\sistema-encuestas-sapientia\backend
plugins: anyio-4.11.0, asyncio-1.3.0
asyncio: mode=Mode.STRICT, debug=False, asyncio_default_fixture_loop_scope=None, asyncio_default_test_loop_scope=function
collecting ... collected 0 items / 1 error

=================================== ERRORS ====================================
________________ ERROR collecting tests/test_admin_tecnico.py _________________
ImportError while importing test module 'C:\Users\PC-MATHIAS\Desktop\Sistema Encuestas Sapientia\sistema-encuestas-sapientia\backend\tests\test_admin_tecnico.py'.
Hint: make sure your test modules/packages have valid Python names.
Traceback:
venv\Lib\site-packages\_pytest\python.py:507: in importtestmodule
    mod = import_path(
venv\Lib\site-packages\_pytest\pathlib.py:587: in import_path
    importlib.import_module(module_name)
..\..\..\..\AppData\Local\Programs\Python\Python312\Lib\importlib\__init__.py:90: in import_module
    return _bootstrap._gcd_import(name[level:], package, level)
           ^^^^^^^^^^^^^^^^^^^^^^^^^^^^^^^^^^^^^^^^^^^^^^^^^^^^
<frozen importlib._bootstrap>:1387: in _gcd_import
    ???
<frozen importlib._bootstrap>:1360: in _find_and_load
    ???
<frozen importlib._bootstrap>:1331: in _find_and_load_unlocked
    ???
<frozen importlib._bootstrap>:935: in _load_unlocked
    ???
venv\Lib\site-packages\_pytest\assertion\rewrite.py:197: in exec_module
    exec(co, module.__dict__)
tests\test_admin_tecnico.py:2: in <module>
    from main import app
main.py:7: in <module>
    from app.routers import auth, admin, sapientia, reportes, permisos, plantillas, catalogos, admin_tecnico
app\routers\admin_tecnico.py:6: in <module>
    from app import models, schemas
E   ImportError: cannot import name 'models' from 'app' (C:\Users\PC-MATHIAS\Desktop\Sistema Encuestas Sapientia\sistema-encuestas-sapientia\backend\app\__init__.py). Did you mean: 'modelos'?
============================== warnings summary ===============================
app\database.py:31
  C:\Users\PC-MATHIAS\Desktop\Sistema Encuestas Sapientia\sistema-encuestas-sapientia\backend\app\database.py:31: MovedIn20Warning: The ``declarative_base()`` function is now available as sqlalchemy.orm.declarative_base(). (deprecated since: 2.0) (Background on SQLAlchemy 2.0 at: https://sqlalche.me/e/b8d9)
    Base = declarative_base()

-- Docs: https://docs.pytest.org/en/stable/how-to/capture-warnings.html
=========================== short test summary info ===========================
ERROR tests/test_admin_tecnico.py
!!!!!!!!!!!!!!!!!!! Interrupted: 1 error during collection !!!!!!!!!!!!!!!!!!!!
========================= 1 warning, 1 error in 4.21s =========================
